CCS PCM C Compiler, Version 4.130, 59972               12-nov.-14 20:30

               Filename: C:\Users\Ivan-ua\Documents\PIC\Pic C\P3\Proyecto 3.lst

               ROM used: 72 words (4%)
                         Largest free fragment is 1976
               RAM used: 5 (2%) at main() level
                         9 (4%) worst case
               Stack:    1 locations

*
0000:  MOVLW  00
0001:  MOVWF  0A
0002:  GOTO   019
0003:  NOP
.................... #include <16f628a.h> 
.................... //////// Standard Header file for the PIC16F628A device //////////////// 
.................... #device PIC16F628A 
.................... #list 
....................  
....................  
.................... #use delay(int=4000000) 
0004:  MOVLW  24
0005:  MOVWF  04
0006:  BCF    03.7
0007:  MOVF   00,W
0008:  BTFSC  03.2
0009:  GOTO   018
000A:  MOVLW  01
000B:  MOVWF  78
000C:  CLRF   77
000D:  DECFSZ 77,F
000E:  GOTO   00D
000F:  DECFSZ 78,F
0010:  GOTO   00C
0011:  MOVLW  4A
0012:  MOVWF  77
0013:  DECFSZ 77,F
0014:  GOTO   013
0015:  GOTO   016
0016:  DECFSZ 00,F
0017:  GOTO   00A
0018:  RETURN
.................... #fuses NOWDT 
.................... #fuses NOMCLR 
.................... #fuses NOPUT 
.................... #fuses NOLVP 
.................... #fuses INTRC 
.................... #fuses NOPROTECT 
.................... #fuses NOCPD 
.................... #fuses NOBROWNOUT 
.................... #use fast_io(b) 
....................   
.................... void main() 
.................... { 
0019:  CLRF   04
001A:  BCF    03.7
001B:  MOVLW  1F
001C:  ANDWF  03,F
001D:  BSF    03.5
001E:  BSF    0E.3
001F:  MOVLW  07
0020:  BCF    03.5
0021:  MOVWF  1F
....................    set_tris_b(0b00000000); 
0022:  MOVLW  00
0023:  TRIS   6
....................    int x=1; 
0024:  MOVLW  01
0025:  MOVWF  21
....................    while(true) 
....................    { 
....................      x=1; 
0026:  MOVLW  01
0027:  MOVWF  21
....................      for(int y=0;y<8;y++) 
0028:  CLRF   22
0029:  MOVF   22,W
002A:  SUBLW  07
002B:  BTFSS  03.0
002C:  GOTO   036
....................      { 
....................       output_b(x); 
002D:  MOVF   21,W
002E:  MOVWF  06
....................       delay_ms(30); 
002F:  MOVLW  1E
0030:  MOVWF  24
0031:  CALL   004
....................       x=x<<1; 
0032:  BCF    03.0
0033:  RLF    21,F
....................      } 
0034:  INCF   22,F
0035:  GOTO   029
....................      x=128; 
0036:  MOVLW  80
0037:  MOVWF  21
....................      for(int xy=0;xy<8;xy++) 
0038:  CLRF   23
0039:  MOVF   23,W
003A:  SUBLW  07
003B:  BTFSS  03.0
003C:  GOTO   046
....................      { 
....................       output_b(x); 
003D:  MOVF   21,W
003E:  MOVWF  06
....................       delay_ms(30); 
003F:  MOVLW  1E
0040:  MOVWF  24
0041:  CALL   004
....................       x=x>>1; 
0042:  BCF    03.0
0043:  RRF    21,F
....................      } 
0044:  INCF   23,F
0045:  GOTO   039
....................    } 
0046:  GOTO   026
.................... } 
0047:  SLEEP

Configuration Fuses:
   Word  1: 3F19   NOWDT NOPUT INTRC NOMCLR NOBROWNOUT NOLVP NOCPD NOPROTECT
