CCS PCM C Compiler, Version 4.114, 93460303               19-feb.-15 23:58

               Filename: C:\Users\ivan-_000\Documents\PIC\Pic C\modulo rf con encoder\emisor.lst

               ROM used: 53 words (3%)
                         Largest free fragment is 1995
               RAM used: 5 (2%) at main() level
                         7 (3%) worst case
               Stack:    1 locations

*
0000:  MOVLW  00
0001:  MOVWF  0A
0002:  GOTO   019
0003:  NOP
.................... #include <16f628a.h> 
.................... //////// Standard Header file for the PIC16F628A device //////////////// 
.................... #device PIC16F628A 
.................... #list 
....................  
.................... #fuses INTRC_IO 
.................... #fuses NOWDT 
.................... #fuses NOMCLR 
.................... #fuses NOPUT 
.................... #fuses NOLVP 
.................... #fuses NOPROTECT 
.................... #fuses NOCPD 
.................... #fuses NOBROWNOUT 
.................... #use delay(clock=4M) 
0004:  MOVLW  22
0005:  MOVWF  04
0006:  BCF    03.7
0007:  MOVF   00,W
0008:  BTFSC  03.2
0009:  GOTO   018
000A:  MOVLW  01
000B:  MOVWF  78
000C:  CLRF   77
000D:  DECFSZ 77,F
000E:  GOTO   00D
000F:  DECFSZ 78,F
0010:  GOTO   00C
0011:  MOVLW  4A
0012:  MOVWF  77
0013:  DECFSZ 77,F
0014:  GOTO   013
0015:  GOTO   016
0016:  DECFSZ 00,F
0017:  GOTO   00A
0018:  GOTO   031 (RETURN)
.................... #BYTE TRISA=0x85 
.................... #BYTE PORTA=0x05 
.................... #BYTE TRISB=0x86 
.................... #BYTE PORTB=0x06 
....................  
.................... #use fast_io(b) 
.................... #use fast_io(a) 
....................  
.................... void main() 
.................... { 
0019:  CLRF   04
001A:  BCF    03.7
001B:  MOVLW  1F
001C:  ANDWF  03,F
001D:  BSF    03.5
001E:  BSF    0E.3
001F:  MOVLW  07
0020:  BCF    03.5
0021:  MOVWF  1F
....................    set_tris_b(0); 
0022:  MOVLW  00
0023:  TRIS   6
....................    set_tris_a(255); 
0024:  MOVLW  FF
0025:  TRIS   5
....................    output_b(0); 
0026:  CLRF   06
....................    int8 a; 
....................    while(true) 
....................    { 
....................       for(a=0;a<16;a++) 
0027:  CLRF   21
0028:  MOVF   21,W
0029:  SUBLW  0F
002A:  BTFSS  03.0
002B:  GOTO   033
....................       { 
....................          output_b(a); 
002C:  MOVF   21,W
002D:  MOVWF  06
....................          delay_ms(100); 
002E:  MOVLW  64
002F:  MOVWF  22
0030:  GOTO   004
....................       } 
0031:  INCF   21,F
0032:  GOTO   028
....................    } 
0033:  GOTO   027
.................... } 
0034:  SLEEP

Configuration Fuses:
   Word  1: 3F18   NOWDT NOPUT INTRC_IO NOMCLR NOBROWNOUT NOLVP NOCPD NOPROTECT
